\BOOKMARK [1][-]{section.1}{\376\377\000G\000i\036\333\000i\000\040\000t\000h\000i\036\307\000u\000\040\000c\000h\000u\000n\000g\000\040\000v\036\301\000\040\000B\000\340\000i\000\040\000t\036\255\000p\000\040\000l\036\333\000n}{}% 1
\BOOKMARK [1][-]{section.2}{\376\377\000M\036\345\000c\000\040\000t\000i\000\352\000u\000\040\000v\000\340\000\040\000P\000h\036\241\000m\000\040\000v\000i}{}% 2
\BOOKMARK [2][-]{subsection.2.1}{\376\377\000M\036\345\000c\000\040\000t\000i\000\352\000u\000\040\000c\036\347\000a\000\040\000b\000\341\000o\000\040\000c\000\341\000o}{section.2}% 3
\BOOKMARK [2][-]{subsection.2.2}{\376\377\000P\000h\036\241\000m\000\040\000v\000i\000\040\000t\000h\036\361\000c\000\040\000h\000i\036\307\000n}{section.2}% 4
\BOOKMARK [1][-]{section.3}{\376\377\000C\036\245\000u\000\040\000t\000r\000\372\000c\000\040\000c\036\347\000a\000\040\000b\000\341\000o\000\040\000c\000\341\000o}{}% 5
\BOOKMARK [1][-]{section.4}{\376\377\000L\036\313\000c\000h\000\040\000s\036\355\000\040\000p\000h\000\341\000t\000\040\000t\000r\000i\036\303\000n\000\040\000c\036\347\000a\000\040\000T\000r\000\355\000\040\000t\000u\036\307\000\040\000n\000h\000\342\000n\000\040\000t\036\241\000o}{}% 6
\BOOKMARK [2][-]{subsection.4.1}{\376\377\000S\036\361\000\040\000r\000a\000\040\001\021\036\335\000i\000\040\000c\036\347\000a\000\040\000T\000r\000\355\000\040\000t\000u\036\307\000\040\000n\000h\000\342\000n\000\040\000t\036\241\000o\000\040\000\050\000T\000r\001\260\036\333\000c\000\040\0001\0009\0005\0006\000\040\000v\000\340\000\040\000H\036\331\000i\000\040\000n\000g\000h\036\313\000\040\000D\000a\000r\000t\000m\000o\000u\000t\000h\000\051}{section.4}% 7
\BOOKMARK [2][-]{subsection.4.2}{\376\377\000K\036\363\000\040\000v\036\315\000n\000g\000\040\000b\000a\000n\000\040\001\021\036\247\000u\000\040\000v\000\340\000\040\000M\000\371\000a\000\040\001\021\000\364\000n\000g\000\040\000A\000I\000\040\001\021\036\247\000u\000\040\000t\000i\000\352\000n\000\040\000\050\0001\0009\0005\0006\000\040\000-\000\040\0001\0009\0008\0000\000\051}{section.4}% 8
\BOOKMARK [2][-]{subsection.4.3}{\376\377\000H\036\307\000\040\000c\000h\000u\000y\000\352\000n\000\040\000g\000i\000a\000\040\000v\000\340\000\040\000M\000\371\000a\000\040\001\021\000\364\000n\000g\000\040\000A\000I\000\040\000t\000h\036\351\000\040\000h\000a\000i\000\040\000\050\0001\0009\0008\0000\000\040\000-\000\040\0001\0009\0009\0003\000\051}{section.4}% 9
\BOOKMARK [2][-]{subsection.4.4}{\376\377\000S\036\361\000\040\000t\000r\036\327\000i\000\040\000d\036\255\000y\000\040\000c\036\347\000a\000\040\000T\000h\000u\000y\036\277\000t\000\040\000k\036\277\000t\000\040\000n\036\321\000i\000\040\000v\000\340\000\040\000H\036\315\000c\000\040\000m\000\341\000y\000\040\000\050\0001\0009\0009\0000\000s\000\040\000-\000\040\0002\0000\0001\0000\000s\000\051}{section.4}% 10
\BOOKMARK [2][-]{subsection.4.5}{\376\377\000S\036\361\000\040\000b\000\371\000n\000g\000\040\000n\036\325\000\040\000c\036\347\000a\000\040\000H\036\315\000c\000\040\000s\000\342\000u\000\040\000\050\0002\0000\0001\0001\000\040\000-\000\040\000n\000a\000y\000\051}{section.4}% 11
\BOOKMARK [2][-]{subsection.4.6}{\376\377\000T\000\354\000n\000h\000\040\000t\000r\036\241\000n\000g\000\040\000h\000i\036\307\000n\000\040\000t\036\241\000i\000\040\000v\000\340\000\040\000T\001\260\001\241\000n\000g\000\040\000l\000a\000i\000\040\000c\036\347\000a\000\040\000T\000r\000\355\000\040\000t\000u\036\307\000\040\000n\000h\000\342\000n\000\040\000t\036\241\000o}{section.4}% 12
\BOOKMARK [1][-]{section.5}{\376\377\000C\000\341\000c\000\040\000k\036\371\000\040\000t\000h\000u\036\255\000t\000\040\000H\036\315\000c\000\040\000m\000\341\000y\000\040\000C\001\241\000\040\000b\036\243\000n\000\040\000\050\000M\000a\000c\000h\000i\000n\000e\000\040\000L\000e\000a\000r\000n\000i\000n\000g\000\051}{}% 13
\BOOKMARK [2][-]{subsection.5.1}{\376\377\000G\000i\036\333\000i\000\040\000t\000h\000i\036\307\000u\000\040\000c\000h\000u\000n\000g\000\040\000v\036\301\000\040\000c\000\341\000c\000\040\000k\036\371\000\040\000t\000h\000u\036\255\000t\000\040\000H\036\315\000c\000\040\000m\000\341\000y\000\040\000c\001\241\000\040\000b\036\243\000n}{section.5}% 14
\BOOKMARK [2][-]{subsection.5.2}{\376\377\000B\036\331\000\040\000d\036\357\000\040\000l\000i\036\307\000u\000\040\0001\000:\000\040\000D\000i\000a\000b\000e\000t\000e\000s\000\040\000\050\000B\036\307\000n\000h\000\040\000T\000i\036\303\000u\000\040\001\021\001\260\036\335\000n\000g\000\051}{section.5}% 15
\BOOKMARK [3][-]{subsubsection.5.2.1}{\376\377\000M\000\364\000\040\000t\036\243\000\040\000b\036\331\000\040\000d\036\357\000\040\000l\000i\036\307\000u\000\040\000v\000\340\000\040\000p\000h\000\342\000n\000\040\000t\000\355\000c\000h}{subsection.5.2}% 16
\BOOKMARK [3][-]{subsubsection.5.2.2}{\376\377\000L\000\375\000\040\000t\000h\000u\000y\036\277\000t\000\040\000H\036\323\000i\000\040\000q\000u\000y\000\040\000L\000o\000g\000i\000s\000t\000i\000c\000\040\000\050\000L\000o\000g\000i\000s\000t\000i\000c\000\040\000R\000e\000g\000r\000e\000s\000s\000i\000o\000n\000\051}{subsection.5.2}% 17
\BOOKMARK [3][-]{subsubsection.5.2.3}{\376\377\000C\000\340\000i\000\040\001\021\036\267\000t\000\040\000m\000\364\000\040\000h\000\354\000n\000h}{subsection.5.2}% 18
\BOOKMARK [2][-]{subsection.5.3}{\376\377\000B\036\331\000\040\000d\036\357\000\040\000l\000i\036\307\000u\000\040\0002\000:\000\040\000H\000o\000u\000s\000i\000n\000g\000\040\000P\000r\000i\000c\000e\000s\000\040\000V\000i\000e\000t\000n\000a\000m\000\040\000\050\000G\000i\000\341\000\040\000N\000h\000\340\000\040\000t\036\241\000i\000\040\000V\000i\036\307\000t\000\040\000N\000a\000m\000\051}{section.5}% 19
\BOOKMARK [3][-]{subsubsection.5.3.1}{\376\377\000M\000\364\000\040\000t\036\243\000\040\000b\036\331\000\040\000d\036\357\000\040\000l\000i\036\307\000u\000\040\000v\000\340\000\040\000p\000h\000\342\000n\000\040\000t\000\355\000c\000h}{subsection.5.3}% 20
\BOOKMARK [3][-]{subsubsection.5.3.2}{\376\377\000L\000\375\000\040\000t\000h\000u\000y\036\277\000t\000\040\000H\036\323\000i\000\040\000q\000u\000y\000\040\000T\000u\000y\036\277\000n\000\040\000t\000\355\000n\000h\000\040\001\020\000a\000\040\000b\000i\036\277\000n\000\040\000\050\000M\000u\000l\000t\000i\000p\000l\000e\000\040\000L\000i\000n\000e\000a\000r\000\040\000R\000e\000g\000r\000e\000s\000s\000i\000o\000n\000\051}{subsection.5.3}% 21
\BOOKMARK [3][-]{subsubsection.5.3.3}{\376\377\000C\000\340\000i\000\040\001\021\036\267\000t\000\040\000m\000\364\000\040\000h\000\354\000n\000h}{subsection.5.3}% 22
\BOOKMARK [2][-]{subsection.5.4}{\376\377\000B\036\331\000\040\000d\036\357\000\040\000l\000i\036\307\000u\000\040\0003\000:\000\040\000E\000c\000o\000m\000m\000e\000r\000c\000e\000\040\000R\000e\000v\000i\000e\000w\000s\000\040\000\050\001\020\000\341\000n\000h\000\040\000g\000i\000\341\000\040\000T\000h\001\260\001\241\000n\000g\000\040\000m\036\241\000i\000\040\001\020\000i\036\307\000n\000\040\000t\036\355\000\051}{section.5}% 23
\BOOKMARK [3][-]{subsubsection.5.4.1}{\376\377\000M\000\364\000\040\000t\036\243\000\040\000b\036\331\000\040\000d\036\357\000\040\000l\000i\036\307\000u\000\040\000v\000\340\000\040\000p\000h\000\342\000n\000\040\000t\000\355\000c\000h}{subsection.5.4}% 24
\BOOKMARK [3][-]{subsubsection.5.4.2}{\376\377\000L\000\375\000\040\000t\000h\000u\000y\036\277\000t\000\040\000M\036\241\000n\000g\000\040\000n\001\241\000-\000r\000o\000n\000\040\001\021\000a\000\040\000t\036\247\000n\000g\000\040\000\050\000M\000u\000l\000t\000i\000l\000a\000y\000e\000r\000\040\000P\000e\000r\000c\000e\000p\000t\000r\000o\000n\000\040\000-\000\040\000M\000L\000P\000\051}{subsection.5.4}% 25
\BOOKMARK [3][-]{subsubsection.5.4.3}{\376\377\000C\000\340\000i\000\040\001\021\036\267\000t\000\040\000m\000\364\000\040\000h\000\354\000n\000h}{subsection.5.4}% 26
\BOOKMARK [2][-]{subsection.5.5}{\376\377\001\020\000\341\000n\000h\000\040\000g\000i\000\341\000\040\000v\000\340\000\040\000S\000o\000\040\000s\000\341\000n\000h\000\040\000c\000\341\000c\000\040\000M\000\364\000\040\000h\000\354\000n\000h}{section.5}% 27
\BOOKMARK [1][-]{section.6}{\376\377\000M\036\241\000n\000g\000\040\000N\001\241\000-\000r\000o\000n\000\040\000T\000\355\000c\000h\000\040\000c\000h\036\255\000p\000\040\000\050\000C\000N\000N\000\051}{}% 28
\BOOKMARK [2][-]{subsection.6.1}{\376\377\000C\001\241\000\040\000s\036\337\000\040\000L\000\375\000\040\000t\000h\000u\000y\036\277\000t\000\040\000c\036\347\000a\000\040\000M\036\241\000n\000g\000\040\000N\001\241\000-\000r\000o\000n\000\040\000T\000\355\000c\000h\000\040\000c\000h\036\255\000p}{section.6}% 29
\BOOKMARK [3][-]{subsubsection.6.1.1}{\376\377\000P\000h\000\351\000p\000\040\000t\000o\000\341\000n\000\040\000T\000\355\000c\000h\000\040\000c\000h\036\255\000p\000\040\000\050\000C\000o\000n\000v\000o\000l\000u\000t\000i\000o\000n\000\040\000O\000p\000e\000r\000a\000t\000i\000o\000n\000\051}{subsection.6.1}% 30
\BOOKMARK [3][-]{subsubsection.6.1.2}{\376\377\000P\000a\000d\000d\000i\000n\000g\000\040\000v\000\340\000\040\000S\000t\000r\000i\000d\000e\000s}{subsection.6.1}% 31
\BOOKMARK [3][-]{subsubsection.6.1.3}{\376\377\000H\000\340\000m\000\040\000K\000\355\000c\000h\000\040\000h\000o\036\241\000t\000\040\000P\000h\000i\000\040\000t\000u\000y\036\277\000n\000\040\000\050\000N\000o\000n\000-\000l\000i\000n\000e\000a\000r\000\040\000A\000c\000t\000i\000v\000a\000t\000i\000o\000n\000\051}{subsection.6.1}% 32
\BOOKMARK [3][-]{subsubsection.6.1.4}{\376\377\000L\036\333\000p\000\040\000G\036\331\000p\000\040\000\050\000P\000o\000o\000l\000i\000n\000g\000\040\000L\000a\000y\000e\000r\000\051}{subsection.6.1}% 33
\BOOKMARK [2][-]{subsection.6.2}{\376\377\000T\036\255\000p\000\040\000d\036\357\000\040\000l\000i\036\307\000u\000\040\0001\000:\000\040\000C\000I\000F\000A\000R\000-\0001\0000}{section.6}% 34
\BOOKMARK [3][-]{subsubsection.6.2.1}{\376\377\000M\000\364\000\040\000t\036\243\000\040\000D\036\357\000\040\000l\000i\036\307\000u}{subsection.6.2}% 35
\BOOKMARK [3][-]{subsubsection.6.2.2}{\376\377\000C\000\340\000i\000\040\001\021\036\267\000t\000\040\000T\000\355\000c\000h\000\040\000c\000h\036\255\000p\000\040\000-\000\040\000T\036\353\000\040\000c\001\241\000\040\000b\036\243\000n\000\040\000\050\000N\000u\000m\000P\000y\000\051}{subsection.6.2}% 36
\BOOKMARK [3][-]{subsubsection.6.2.3}{\376\377\000T\000r\000i\036\303\000n\000\040\000k\000h\000a\000i\000\040\000t\000r\000\352\000n\000\040\000K\000e\000r\000a\000s\000\040\000\050\000C\000I\000F\000A\000R\000-\0001\0000\000\051}{subsection.6.2}% 37
\BOOKMARK [3][-]{subsubsection.6.2.4}{\376\377\000T\000r\000i\036\303\000n\000\040\000k\000h\000a\000i\000\040\000t\000r\000\352\000n\000\040\000P\000y\000T\000o\000r\000c\000h\000\040\000\050\000C\000I\000F\000A\000R\000-\0001\0000\000\051}{subsection.6.2}% 38
\BOOKMARK [2][-]{subsection.6.3}{\376\377\000T\036\255\000p\000\040\000d\036\357\000\040\000l\000i\036\307\000u\000\040\0002\000:\000\040\000M\000N\000I\000S\000T}{section.6}% 39
\BOOKMARK [3][-]{subsubsection.6.3.1}{\376\377\000M\000\364\000\040\000t\036\243\000\040\000D\036\357\000\040\000l\000i\036\307\000u}{subsection.6.3}% 40
\BOOKMARK [3][-]{subsubsection.6.3.2}{\376\377\000C\000\340\000i\000\040\001\021\036\267\000t\000\040\000T\000\355\000c\000h\000\040\000c\000h\036\255\000p\000\040\000-\000\040\000T\036\353\000\040\000c\001\241\000\040\000b\036\243\000n\000\040\000\050\000N\000u\000m\000P\000y\000\051}{subsection.6.3}% 41
\BOOKMARK [3][-]{subsubsection.6.3.3}{\376\377\000T\000r\000i\036\303\000n\000\040\000k\000h\000a\000i\000\040\000t\000r\000\352\000n\000\040\000K\000e\000r\000a\000s\000\040\000\050\000M\000N\000I\000S\000T\000\051}{subsection.6.3}% 42
\BOOKMARK [3][-]{subsubsection.6.3.4}{\376\377\000T\000r\000i\036\303\000n\000\040\000k\000h\000a\000i\000\040\000t\000r\000\352\000n\000\040\000P\000y\000T\000o\000r\000c\000h\000\040\000\050\000M\000N\000I\000S\000T\000\051}{subsection.6.3}% 43
\BOOKMARK [2][-]{subsection.6.4}{\376\377\000T\036\255\000p\000\040\000d\036\357\000\040\000l\000i\036\307\000u\000\040\0003\000:\000\040\000D\000i\000a\000b\000e\000t\000e\000s\000\040\0001\000D}{section.6}% 44
\BOOKMARK [3][-]{subsubsection.6.4.1}{\376\377\000M\000\364\000\040\000t\036\243\000\040\000D\036\357\000\040\000l\000i\036\307\000u}{subsection.6.4}% 45
\BOOKMARK [3][-]{subsubsection.6.4.2}{\376\377\000C\000\340\000i\000\040\001\021\036\267\000t\000\040\000T\000\355\000c\000h\000\040\000c\000h\036\255\000p\000\040\0001\000\040\000C\000h\000i\036\301\000u\000\040\000-\000\040\000T\036\353\000\040\000c\001\241\000\040\000b\036\243\000n\000\040\000\050\000N\000u\000m\000P\000y\000\051}{subsection.6.4}% 46
\BOOKMARK [3][-]{subsubsection.6.4.3}{\376\377\000T\000r\000i\036\303\000n\000\040\000k\000h\000a\000i\000\040\000t\000r\000\352\000n\000\040\000K\000e\000r\000a\000s\000\040\000\050\000D\000i\000a\000b\000e\000t\000e\000s\000\040\0001\000D\000\051}{subsection.6.4}% 47
\BOOKMARK [3][-]{subsubsection.6.4.4}{\376\377\000T\000r\000i\036\303\000n\000\040\000k\000h\000a\000i\000\040\000t\000r\000\352\000n\000\040\000P\000y\000T\000o\000r\000c\000h\000\040\000\050\000D\000i\000a\000b\000e\000t\000e\000s\000\040\0001\000D\000\051}{subsection.6.4}% 48
\BOOKMARK [2][-]{subsection.6.5}{\376\377\001\020\000\341\000n\000h\000\040\000g\000i\000\341\000\040\000v\000\340\000\040\000S\000o\000\040\000s\000\341\000n\000h}{section.6}% 49
\BOOKMARK [1][-]{section.7}{\376\377\000M\036\241\000n\000g\000\040\000N\001\241\000-\000r\000o\000n\000\040\000H\036\323\000i\000\040\000q\000u\000y\000\040\000\050\000R\000N\000N\000\051\000\040\000v\000\340\000\040\000X\036\355\000\040\000l\000\375\000\040\000D\036\357\000\040\000l\000i\036\307\000u\000\040\000C\000h\000u\036\327\000i\000\040\000T\000h\036\335\000i\000\040\000g\000i\000a\000n}{}% 50
\BOOKMARK [2][-]{subsection.7.1}{\376\377\000C\001\241\000\040\000s\036\337\000\040\000L\000\375\000\040\000t\000h\000u\000y\036\277\000t\000\040\000c\001\241\000\040\000b\036\243\000n}{section.7}% 51
\BOOKMARK [3][-]{subsubsection.7.1.1}{\376\377\000M\036\241\000n\000g\000\040\000N\001\241\000-\000r\000o\000n\000\040\000H\036\323\000i\000\040\000q\000u\000y\000\040\000\050\000R\000N\000N\000\051}{subsection.7.1}% 52
\BOOKMARK [3][-]{subsubsection.7.1.2}{\376\377\000L\000a\000n\000\040\000t\000r\000u\000y\036\301\000n\000\040\000n\000g\001\260\036\343\000c\000\040\000q\000u\000a\000\040\000t\000h\036\335\000i\000\040\000g\000i\000a\000n\000\040\000\050\000B\000P\000T\000T\000\051}{subsection.7.1}% 53
\BOOKMARK [3][-]{subsubsection.7.1.3}{\376\377\000B\036\331\000\040\000n\000h\036\333\000\040\000N\000g\036\257\000n\000-\000D\000\340\000i\000\040\000h\036\241\000n\000\040\000\050\000L\000S\000T\000M\000\051}{subsection.7.1}% 54
\BOOKMARK [3][-]{subsubsection.7.1.4}{\376\377\000G\000a\000t\000e\000d\000\040\000R\000e\000c\000u\000r\000r\000e\000n\000t\000\040\000U\000n\000i\000t\000\040\000\050\000G\000R\000U\000\051}{subsection.7.1}% 55
\BOOKMARK [2][-]{subsection.7.2}{\376\377\000T\036\255\000p\000\040\000d\036\357\000\040\000l\000i\036\307\000u\000\040\0001\000:\000\040\000D\036\361\000\040\000b\000\341\000o\000\040\000G\000i\000\341\000\040\000C\036\325\000\040\000p\000h\000i\036\277\000u\000\040\000A\000m\000a\000z\000o\000n\000\040\000\050\000A\000M\000Z\000N\000\051}{section.7}% 56
\BOOKMARK [3][-]{subsubsection.7.2.1}{\376\377\000M\000\364\000\040\000t\036\243\000,\000\040\000P\000h\000\342\000n\000\040\000p\000h\036\321\000i\000\040\000v\000\340\000\040\000P\000h\000\342\000n\000\040\000t\000\355\000c\000h\000\040\000D\036\357\000\040\000l\000i\036\307\000u}{subsection.7.2}% 57
\BOOKMARK [3][-]{subsubsection.7.2.2}{\376\377\000C\000\340\000i\000\040\001\021\036\267\000t\000\040\000m\000\364\000\040\000h\000\354\000n\000h\000\040\000b\036\261\000n\000g\000\040\000P\000y\000t\000h\000o\000n\000\040\000\050\000F\000r\000o\000m\000\040\000S\000c\000r\000a\000t\000c\000h\000\040\000-\000\040\000N\000u\000m\000P\000y\000\051}{subsection.7.2}% 58
\BOOKMARK [3][-]{subsubsection.7.2.3}{\376\377\000C\000\340\000i\000\040\001\021\036\267\000t\000\040\000m\000\364\000\040\000h\000\354\000n\000h\000\040\000b\036\261\000n\000g\000\040\000K\000e\000r\000a\000s}{subsection.7.2}% 59
\BOOKMARK [3][-]{subsubsection.7.2.4}{\376\377\000C\000\340\000i\000\040\001\021\036\267\000t\000\040\000m\000\364\000\040\000h\000\354\000n\000h\000\040\000b\036\261\000n\000g\000\040\000P\000y\000T\000o\000r\000c\000h}{subsection.7.2}% 60
\BOOKMARK [2][-]{subsection.7.3}{\376\377\000T\036\255\000p\000\040\000d\036\357\000\040\000l\000i\036\307\000u\000\040\0002\000:\000\040\000D\036\361\000\040\000b\000\341\000o\000\040\000G\000i\000\341\000\040\000V\000\340\000n\000g\000\040\000\050\000G\000o\000l\000d\000\040\000P\000r\000i\000c\000e\000\051}{section.7}% 61
\BOOKMARK [3][-]{subsubsection.7.3.1}{\376\377\000M\000\364\000\040\000t\036\243\000,\000\040\000P\000h\000\342\000n\000\040\000p\000h\036\321\000i\000\040\000v\000\340\000\040\000P\000h\000\342\000n\000\040\000t\000\355\000c\000h\000\040\000D\036\357\000\040\000l\000i\036\307\000u}{subsection.7.3}% 62
\BOOKMARK [3][-]{subsubsection.7.3.2}{\376\377\000C\000\340\000i\000\040\001\021\036\267\000t\000\040\000m\000\364\000\040\000h\000\354\000n\000h\000\040\000b\036\261\000n\000g\000\040\000P\000y\000t\000h\000o\000n\000\040\000\050\000F\000r\000o\000m\000\040\000S\000c\000r\000a\000t\000c\000h\000\040\000-\000\040\000N\000u\000m\000P\000y\000\051}{subsection.7.3}% 63
\BOOKMARK [3][-]{subsubsection.7.3.3}{\376\377\000C\000\340\000i\000\040\001\021\036\267\000t\000\040\000m\000\364\000\040\000h\000\354\000n\000h\000\040\000b\036\261\000n\000g\000\040\000K\000e\000r\000a\000s}{subsection.7.3}% 64
\BOOKMARK [3][-]{subsubsection.7.3.4}{\376\377\000C\000\340\000i\000\040\001\021\036\267\000t\000\040\000m\000\364\000\040\000h\000\354\000n\000h\000\040\000b\036\261\000n\000g\000\040\000P\000y\000T\000o\000r\000c\000h}{subsection.7.3}% 65
\BOOKMARK [2][-]{subsection.7.4}{\376\377\000T\036\255\000p\000\040\000d\036\357\000\040\000l\000i\036\307\000u\000\040\0003\000:\000\040\000D\036\361\000\040\000b\000\341\000o\000\040\000G\000i\000\341\000\040\000B\036\241\000c\000\040\000\050\000S\000i\000l\000v\000e\000r\000\040\000P\000r\000i\000c\000e\000\051}{section.7}% 66
\BOOKMARK [3][-]{subsubsection.7.4.1}{\376\377\000M\000\364\000\040\000t\036\243\000,\000\040\000P\000h\000\342\000n\000\040\000p\000h\036\321\000i\000\040\000v\000\340\000\040\000P\000h\000\342\000n\000\040\000t\000\355\000c\000h\000\040\000D\036\357\000\040\000l\000i\036\307\000u}{subsection.7.4}% 67
\BOOKMARK [3][-]{subsubsection.7.4.2}{\376\377\000C\000\340\000i\000\040\001\021\036\267\000t\000\040\000m\000\364\000\040\000h\000\354\000n\000h\000\040\000b\036\261\000n\000g\000\040\000P\000y\000t\000h\000o\000n\000\040\000\050\000F\000r\000o\000m\000\040\000S\000c\000r\000a\000t\000c\000h\000\040\000-\000\040\000N\000u\000m\000P\000y\000\051}{subsection.7.4}% 68
\BOOKMARK [3][-]{subsubsection.7.4.3}{\376\377\000C\000\340\000i\000\040\001\021\036\267\000t\000\040\000m\000\364\000\040\000h\000\354\000n\000h\000\040\000b\036\261\000n\000g\000\040\000K\000e\000r\000a\000s}{subsection.7.4}% 69
\BOOKMARK [3][-]{subsubsection.7.4.4}{\376\377\000C\000\340\000i\000\040\001\021\036\267\000t\000\040\000m\000\364\000\040\000h\000\354\000n\000h\000\040\000b\036\261\000n\000g\000\040\000P\000y\000T\000o\000r\000c\000h}{subsection.7.4}% 70
\BOOKMARK [2][-]{subsection.7.5}{\376\377\001\020\000\341\000n\000h\000\040\000g\000i\000\341\000\040\000v\000\340\000\040\000S\000o\000\040\000s\000\341\000n\000h\000\040\000M\000\364\000\040\000h\000\354\000n\000h}{section.7}% 71
\BOOKMARK [3][-]{subsubsection.7.5.1}{\376\377\000P\000h\000\342\000n\000\040\000t\000\355\000c\000h\000\040\000k\036\277\000t\000\040\000q\000u\036\243}{subsection.7.5}% 72
\BOOKMARK [3][-]{subsubsection.7.5.2}{\376\377\000K\036\277\000t\000\040\000l\000u\036\255\000n\000\040\000v\036\301\000\040\000v\000i\036\307\000c\000\040\000l\036\361\000a\000\040\000c\000h\036\315\000n\000\040\000T\000h\001\260\000\040\000v\000i\036\307\000n}{subsection.7.5}% 73
\BOOKMARK [1][-]{section.8}{\376\377\000T\000r\000i\036\303\000n\000\040\000k\000h\000a\000i\000\040\000H\036\307\000\040\000t\000h\036\321\000n\000g\000\040\000\050\000D\000e\000p\000l\000o\000y\000m\000e\000n\000t\000\051}{}% 74
\BOOKMARK [2][-]{subsection.8.1}{\376\377\000T\036\325\000n\000g\000\040\000q\000u\000a\000n\000\040\000K\000i\036\277\000n\000\040\000t\000r\000\372\000c\000\040\000T\000r\000i\036\303\000n\000\040\000k\000h\000a\000i}{section.8}% 75
\BOOKMARK [2][-]{subsection.8.2}{\376\377\000X\000\342\000y\000\040\000d\036\361\000n\000g\000\040\000B\000a\000c\000k\000e\000n\000d\000\040\000v\036\333\000i\000\040\000F\000a\000s\000t\000A\000P\000I}{section.8}% 76
\BOOKMARK [2][-]{subsection.8.3}{\376\377\000X\000\342\000y\000\040\000d\036\361\000n\000g\000\040\000G\000i\000a\000o\000\040\000d\000i\036\307\000n\000\040\000N\000g\001\260\036\335\000i\000\040\000d\000\371\000n\000g\000\040\000\050\000W\000e\000b\000\040\000U\000I\000\051}{section.8}% 77
